// Jest Snapshot v1, https://goo.gl/fbAQLP

exports[`media-query-manager Has Correct API 1`] = `
Array [
  "MediaQueryManager",
]
`;
